/advanced_tests/Boot: OK
/advanced_tests/0/Run: OK
/advanced_tests/0/Video: OK
/advanced_tests/0/StateRefresh: OK
