/advanced_tests/Boot: OK
/advanced_tests/Options: OK
/advanced_tests/0/State Refresh: OK
/advanced_tests/0/Run: OK
/advanced_tests/0/Video: OK
