/button_test/Boot: OK
/button_test/0/Run: OK
/button_test/0/Video: OK
/button_test/0/NoStateAccess: OK
