/cruzes/Boot: OK
/cruzes/Options: OK
/cruzes/0/State None: OK
/cruzes/0/Run: OK
/cruzes/0/Video: OK
