/cruzes/Boot: OK
/cruzes/0/Run: OK
/cruzes/0/Video: OK
/cruzes/0/NoStateAccess: OK
