/testaudio_no_callback/Boot: OK
/testaudio_no_callback/Options: OK
/testaudio_no_callback/0/State Refresh: OK
/testaudio_no_callback/0/Run: OK
/testaudio_no_callback/0/Video: OK
