/testaudio_callback/Boot: OK
/testaudio_callback/0/Run: OK
/testaudio_callback/0/Video: OK
/testaudio_callback/0/StateRefresh: OK
