/testgl/Boot: OK
/testgl/0/Run: OK
/testgl/0/StateRefresh: OK
