/testaudio_playback_wav/Boot: OK
/testaudio_playback_wav/0/Run: OK
/testaudio_playback_wav/0/Video: OK
/testaudio_playback_wav/0/StateRefresh: OK
