/testsw/Boot: OK
/testsw/Options: OK
/testsw/0/State Refresh: OK
/testsw/0/Run: OK
/testsw/0/Video: OK
