/test/Boot: OK
/test/0/Run: OK
/test/0/Video: OK
/test/0/StateRefresh: OK
