/testgl_compute_shaders/Boot: OK
/testgl_compute_shaders/0/Run: OK
/testgl_compute_shaders/0/StateRefresh: OK
