/test/Boot: OK
/test/Options: OK
/test/0/State Refresh: OK
/test/0/Run: OK
/test/0/Video: OK
