/testaudio_callback/Boot: OK
/testaudio_callback/Options: OK
/testaudio_callback/0/State Refresh: OK
/testaudio_callback/0/Run: OK
/testaudio_callback/0/Video: OK
