/testaudio_playback_wav/Boot: OK
/testaudio_playback_wav/Options: OK
/testaudio_playback_wav/0/State Refresh: OK
/testaudio_playback_wav/0/Run: OK
/testaudio_playback_wav/0/Video: OK
