/testgl_compute_shaders/Boot: OK
/testgl_compute_shaders/Options: OK
/testgl_compute_shaders/0/State None: OK
/testgl_compute_shaders/0/Run: 
