/testsw_vram/Boot: OK
/testsw_vram/0/Run: OK
/testsw_vram/0/Video: OK
/testsw_vram/0/StateRefresh: OK
