/testgl_ff/Boot: OK
/testgl_ff/0/Run: OK
/testgl_ff/0/StateRefresh: OK
