/testsw_vram/Boot: OK
/testsw_vram/Options: OK
/testsw_vram/0/State Refresh: OK
/testsw_vram/0/Run: OK
/testsw_vram/0/Video: OK
