/testsw/Boot: OK
/testsw/0/Run: OK
/testsw/0/Video: OK
/testsw/0/StateRefresh: OK
